Test V01 Required
States 1
0:V2.4S={255,255,255,255}; 0:V5.4S={7,0,7,0};
Ok
Witnesses
Positive: 1 Negative: 0
Flag Scalable-Vector-Extensions-is-work-in-progress
Condition forall (0:V2.4S={255,255,255,255} /\ 0:V5.4S={7,0,7,0})
Observation V01 Always 1 0
Hash=3a251b4279be1b01de64a29c16ed7a9e

